// Jest Snapshot v1, https://goo.gl/fbAQLP

exports[`Icon component should renders properly 1`] = `
<Icon
  className="iconTest"
  type="ant-design"
/>
`;
